// Vitest Snapshot v1, https://vitest.dev/guide/snapshot.html

exports[`variantBreakpoints > returns undefined when no breakpoints configured 1`] = `""`;
